{
    "erreurs": [
        "Le fichier source est invalide. [NumÃ©ro de permis]"
    ], 
    "complet": false
}