{
    "erreurs": [
        "Le fichier source est invalide. Le cycle entrÃ© n'est pas valide ou n'est pas pris en charge."
    ], 
    "complet": false
}