{
    "erreurs": [
        "Il vous manque 3 heure(s) dans la catégorie : projet de recherche.", 
        "Il vous manque 1 heure(s) dans la catégorie : groupe de discussion."
    ], 
    "complet": false
}