{
    "erreurs": [
        "Le fichier source est invalide. [Sexe]"
    ], 
    "complet": false
}