{
    "erreurs": [
        "Le fichier source est invalide. [Description: cours]"
    ], 
    "complet": false
}