{
    "erreurs": [
        "L'activité 'Visite d'établissements architecturaux' de la catégorie 'voyage' n'est pas valide.", 
        "Vous avez fait 39 heure(s) de formation continue. Il vous manque 1 heure(s) pour compléter ce cycle."
    ], 
    "complet": false
}