{
    "erreurs": [
        "Le fichier source est invalide. [Heures activité: rédaction professionnelle]"
    ], 
    "complet": false
}