{
    "erreurs": [
        "L'activité 'Rédaction pour le magazine Architecture moderne' de la catégorie 'inconnue' n'est pas valide."
    ], 
    "complet": true
}