{
    "erreurs": [
        "Le nombre d'heure(s) tranférée(s) du dernier cycle est 8. Nombre d'heure(s) non transférée(s): 1"
    ], 
    "complet": true
}