{
    "erreurs": [
        "Le fichier source est invalide. Cet ordre professionel n'est pas pris en charge."
    ], 
    "complet": false
}