{
    "erreurs": [
        "Vous avez fait 41 heure(s) de formation continue. Il vous manque 1 heure(s) pour compl√©ter ce cycle."
    ], 
    "complet": false
}