{
    "erreurs": [
        "Le fichier source est invalide. [Champ inexistant: cycle]"
    ], 
    "complet": false
}