{
    "erreurs": [
        "Le fichier source est invalide. [Heures transférées]"
    ], 
    "complet": false
}