{
    "erreurs": [
        "Il vous manque 3 heure(s) dans la catÃ©gorie : cours."
    ], 
    "complet": false
}