{
    "erreurs": [
        "L'activité 'Participation à un groupe de discussion sur le partage des projets architecturaux de plus de 20 ans' de la catégorie '' n'est pas valide."
    ], 
    "complet": true
}