{
    "erreurs": [
        "L'activité 'Participation à un groupe de discussion sur le partage des projets architecturaux de plus de 20 ans' de la catégorie '' n'est pas valide.", 
        "Vous avez fait 89 heure(s) de formation continue. Il vous manque 1 heure(s) pour compléter ce cycle."
    ], 
    "complet": false
}