{
    "erreurs": [
        "L'activité 'Participation à un groupe de discussion sur le partage des projets architecturaux de plus de 20 ans' de la catégorie 'inconnue' n'est pas valide.", 
        "Il vous manque 24 heure(s) dans la catégorie : cours.", 
        "Vous avez fait 9 heure(s) de formation continue. Il vous manque 81 heure(s) pour compléter ce cycle."
    ], 
    "complet": false
}